OSM_ELEMENTS 4185
10627378 汤臣中心 None None
10639412 东昌路 None None
10691100 上海环球金融中心 492 101
10726438 外滩中心 198.9 45
11629370 上海邮政总局大楼 None 5
11629977 中国石化 None None
11636772 女青年会大楼 None 8
11636786 哈密大楼 None 7
11636796 协进大楼 None 6
11636804 原新天安堂 None 6
24476069 俄罗斯领事馆 None 5
40778038 东方明珠电视塔 None None
40778072 上海国际会议中心 None 6
40778736 港务大厦 None 6
40779113 正大广场 None None
83133885 悦园商厦 None 9
113520430 21世纪大厦 210 50
130396592 新亚大酒店 None 8
135635393 太平金融大厦 238 38
135840678 中国保险大厦 196 None
142741996 上海外滩英迪格酒店 None 35
160821059 恒基名人购物中心 None None
164903482 黄金置地大厦 None 45
164905211 星展银行大厦 90 18
164957811 中银大厦 None 6
164968674 汇丰银行大楼 249.9 58
164970992 震旦国际大楼 185 None
164971463 招商银行上海大厦 230 37
164971470 交银金融大厦 None None
164972435 上海信息大楼 None 41
164972436 招商局大厦 168 38
164972442 中国船舶大厦 None 30
165166856 万向大厦 None None
165166858 浦江桥隧运营管理有限公司延东分公司 None 12
165166878 上海国金汇 69 25
165166879 浦东海关大楼 None None
165168180 陈桂春住宅 None None
165792123 上海中心大厦 632 128
165985305 富士康大厦 None 21
165985308 招商银行上海大厦北塔 None 6
166110060 1862船厂 None None
166126953 农银大厦 216 49
166126955 中国人民银行大厦 None 20
166126958 建行大厦 216 49
177599329 瑞康公寓 None 5
177714724 国际港务大厦 None 22
177928803 原教会公寓 None None
177930855 罗斯福/外滩27 None 7
177930858 上海清算所 None 9
177930859 中国光大银行 None 6
177930861 益丰·外滩源 None 5
177931019 中国农业银行 None 7
177993356 中国工商银行 None 7
177995050 中国银行大楼 None 16
177998982 和平饭店南楼 None 8
177998984 滇北大楼 None None
177998988 滇池大楼 None None
178405872 上海市总工会 None 7
178405874 外滩公共服务中心 None 5
178405875 上海外汇交易中心 None 5
178407318 上海海关 None 7
178408810 盘谷银行 None 7
178408816 有利大楼 None 7
178408820 轮船招商局大楼 None 5
178408821 外滩五号 None 7
178408827 外滩六号 None 6
178410323 中国太平洋保险公司 None 7
178410325 华尔道夫酒店 None 7
189037696 上海外滩茂悦大酒店 None 4
198407280 雅典皇宫 None None
198407281 良丰大厦 None None
206160228 久事大厦 None 45
228035331 会景楼 None 1
228035335 玉华堂 None 1
228035340 湖心亭 None 1
232498681 都城饭店 None 14
250067019 中国人保大厦 None 20
255624910 Apple 浦东 None None
275414171 基督教景灵堂 None None
281580982 香格里拉酒店 None 45
281583582 香格里拉酒店 None 43
292718776 申大厦 None 18
292718777 曾为黄浦区人民政府大楼 None 4
292718778 圣三一堂 None 7
292818817 金山大楼 None None
293504471 光陆大楼 None 5
293504485 佳利商务楼 None 10
293504490 华德大楼 None 7
293504491 外滩源 None 5
293504494 浦江饭店 None 7
300054532 新泰大楼 None 5
300480894 福佑门小商品市场 None 8
300481519 中汇大楼 None 11
303314587 懿德大楼 None 4
307126048 秦皇岛路码头 None None
307911305 上海瑞丰国际大厦 None None
307917289 阿根廷庄园 None None
311064999 永兴大楼 None 6
320908499 新康大楼 None 12
325216963 上海威斯汀大饭店 None 35
325227693 上海自然博物馆旧馆 None 6
325227694 延河大楼 None 7
326196925 盛邦国际大厦 None 25
369237839 上海豫园万丽酒店 None 25
369237894 黄浦区人民政府 None 30
369237982 中福现代城 None 50
369237987 福源商厦 None 8
369819131 瑞苑公寓 None 35
375966620 金砖大厦 200 31
376075961 金茂大厦 420.5 None
378107083 上海工商联大厦 None 9
378107091 维拉斯酒店 None 5
378107108 锦江集团财务公司证券经营部 None 8
378107111 中国人民解放军海军后勤部上海物资站 None 5
378107140 华东电力大楼 None 33
378107150 南京大楼 None 15
378107164 上海长途电信科技发展公司 None 8
378107167 上海电气集团总公司 None 8
378107172 礼和大楼 None 5
378107220 星腾大厦 None 30
378107231 汉光大楼 None 8
378107235 创业大楼 None 9
378107236 上海新世界新丸中心 NEW ONE None 10
378107238 高登金融大厦 None 16
378107253 四川大楼 None 8
380339822 上海医药工业有限公司 None 6
380339829 久事商务大厦 None 5
380339832 元芳弄 None 3
380339835 上海市高级人民法院 None 8
380339843 上海外滩南京东路亚朵酒店 None 8
380339845 上海市仓储行业协会 None 9
380339850 中国电信 None 8
380339852 华东电力管理局 None 7
380339871 元芳弄 None 3
380339888 外滩花园酒店 None 3
380339892 解放大厦 None 36
380339893 联合大楼 None 9
380339903 汉口路50号大楼 None 4
380339909 上海市政府参事室 None 10
380339927 手表七厂办公楼 None 4
380339931 元芳大楼 None 6
380339941 华东建筑设计研究院 None 10
380339946 安利大楼 None 7
380339953 上海医药工业有限公司 None 6
380339962 中国建设银行 None 8
380339969 元芳弄 None 3
380339971 安培洋行大楼 None 3
380339974 上海市机要通信局 None 2
380339984 惠罗公司 None 8
380339993 慈安里大楼 None 4
380339997 慈昌里大楼 None 4
380340010 福州大楼 None 14
380340012 申达大楼 None 6
380340014 申华金融大厦 None 32
380340021 上海市电力公司 None 10
389701788 福民商厦 None 9
389701812 和丰楼 None 4
389701893 乐飞百货 None None
389701901 童涵春堂 None 4
389701905 紫锦城百货 None 9
389701925 外滩NEO None 9
389701971 皕灵楼 None 4
389702034 福佑商厦 None 9
389702055 沪南钱业公所 None 1
389702081 沉香阁 None None
389702097 城隍庙第一购物中心 None 6
389702099 豫园鄂尔多斯广场 None 6
404676268 上海海洋水族馆 10 None
408450647 上海市永安路幼儿园 None None
408450660 东芳小家电 None 2
414733172 上海长江电气集团等 None 7
414733185 中一大楼 None 5
423304682 国金中心二期 259.9 56
427786590 迪士尼旗舰店 None 2
428179901 三穗堂 None 1
428179902 仰山堂 None 1
428179903 九狮轩 None 1
428179905 涵碧楼 None 1
428179909 萃秀堂 None 1
428179910 亦舫 None 1
428179911 两宜轩 None 1
428179912 万花楼 None 1
428179913 藏宝楼 None 1
428179914 点春堂 None 1
428179916 学圃 None 1
428179917 打唱台 None 1
428179918 快楼 None 1
428179920 听涛阁 None 1
428179921 老君殿 None 1
428179922 和煦堂 None 1
428179923 静宜轩 None 1
428179924 听鹂亭 None 1
428179925 得月楼 None 1
428179926 藏书楼 None 1
428179948 望江亭 None 1
428186467 挹秀亭 None 1
428186468 鱼乐榭 None 1
428186469 复廊 None 1
428186470 古井亭 None 1
428186471 玉玲珑 None 1
428196072 静观 None 1
428196075 观涛楼 None 1
428196078 古戏台 None 1
428196079 还云楼 None 1
428196085 流觞亭 None 1
428196090 可以观 None 1
428196091 凤凰亭 None 1
428196092 洞天福地 None 1
428196098 耸翠亭 None 1
428196106 延清楼 None 1
428196109 船舫 None 1
428196112 别有天 None 1
428202597 城隍庙 None 1
428202599 华宝楼 None 4
428202601 天裕楼 None 4
428202602 悦宾楼 None 4
428202603 上海老饭店 None 4
428202604 小世界会所 None 4
428202605 景容楼 None 4
439877626 凯石大厦 None 10
440730276 外滩史陈列室 None 2
442978944 上海外滩 W 酒店 172 39
442978949 金光中心 (写字楼) 320 66
446933506 联谊大厦 None 3
446933520 Bund 15 None 11
446933545 东方饭店 None 28
446934320 若瑟堂 None 2
446934736 兰心大楼 None 7
446934740 真光大楼 None 9
446934749 爱建公司 None 8
446934758 亚洲文会大楼 None 6
446934760 圆明园公寓 None 6
446934776 中实大楼 None 7
446934777 虎丘公寓 None 6
446935274 东亚银行金融大厦 197.7 42
446936782 上海建筑材料集团总公司 None 3
446936784 住宅 None 2
446937019 自来大楼 None 5
446937294 沙美大楼 None 5
446937828 扬子江大厦 None 20
446937829 扬子江大厦 None 15
446937830 中国联通(上海分公司北外滩局) 60 15
446937832 远洋大厦 None 30
446937835 银波大厦 None 10
446939505 耶松船厂旧址 None 5
446939660 大桥大楼 None 7
446966513 爱建金融大楼 None 8
446966514 上投大厦 None 13
447017703 建设大厦 None 18
447024800 久事附楼 None 12
447024801 N2 None 25
447024802 N2 None 25
447024808 N3 None 7
447024809 S2 None 45
447024813 N1 None 25
447024814 N1 None 25
447024815 N3 None 15
447024817 S1 None 45
447126698 上海供销大厦 None 12
448242492 未来资产大厦 None None
488961017 上海大厦 None 19
493784117 中国邮政储蓄银行上海分行 None 6
493784118 东亚大楼 None 7
494080948 电视社杂志社 None 5
494081643 仁记洋行大楼 None 4
494084421 广学大楼 None 8
494394246 小桃园清真寺 None 2
494395699 慈修庵 None 2
494546990 浦西公寓 None 9
494547028 小浦西公寓 None 9
494547086 景林庐 None 6
494547237 上海市安装工程有限公司 None 1
494547562 闵行大楼 None 5
494547563 闵行大楼 None 7
494958428 中国民生银行外滩支行 None 3
495101833 瑞源珠宝等 None 3
495101843 上海双工缝纫设备开发公司 None 4
495102640 童涵春堂 None 4
495105529 金陵大楼 None 6
495105937 丰华大楼 None 5
495109680 光大银行 None 10
495114797 浦光大楼 None 7
495116055 自力大楼 None 5
495116056 恒丰大楼 None 6
495117576 浙兴大楼 None 6
499430061 国寿中心大厦 238 52
499430063 工银大厦 256 55
520214798 复星艺术中心 None None
520214802 上海外滩瑞吉酒店 None None
520214805 BFC 购物中心 None None
520214806 BFC 购物中心 None None
520990201 中国平安金融大厦 None None
520990202 花旗集团大厦 None 42
522348478 华融大厦 None None
525709287 浦东发展银行大厦 185 48
526005642 上海国金中心商场 None 7
530662877 新繁大楼 None None
556936035 白金府邸 None None
610967771 Shanghai Consruction Engineering 20 5
610986345 宇泰公寓 50 12
610986346 宇泰公寓 50 12
610986347 上海宇泰房地产有限公司 16 4
610986348 宇泰公寓 56 14
611246563 裕景国际商务广场 None None
623029759 Changzhi Building - Block A 23 4
623029763 Changzhi Building - Zhongfang LBOX 17 3
656626142 1 None None
656626143 2 None None
673517953 29 - 30 phase Ⅱ 70 25
673517954 28 - 27 phase Ⅱ 70 25
673517955 25 - 26 phase Ⅱ None None
673517956 20 - 21 phase Ⅱ None None
673517961 Club House None None
694630312 茶室 3 1
694630313 高博金融家俱乐部 None None
694630314 上海特产店 3 1
694630319 卫生间 3 1
696884111 北京银行大厦 None None
701981165 Jiahao None 3
744266710 上海苏宁宝丽嘉酒店 None None
744527947 海泰国际大厦 None None
744535408 宝矿国际大厦 None None
754763863 11-12 phase Ⅲ None None
754767164 6 - 8 phase Ⅰ None None
754767796 6 - 8 phase Ⅲ None None
764096052 1 - 5 phase Ⅲ None None
803292747 浦东美术馆 30 4
804795620 16 - 19 phase Ⅰ None None
804795621 13 - 15 phase Ⅰ None None
804795622 9 - 12 phase Ⅰ None None
804795623 1 - 5 phase Ⅰ None None
804795624 9 - 10 phase Ⅲ None None
837781307 31-33 phase Ⅱ None None
841161972 8 None None
850733206 复兴东路 None None
870662256 金隆置地大厦 None None
870662257 万源晶典公寓 None None
899205733 支付宝大厦 None None
899205734 保时捷大厦 None None
899205735 泰康保险大厦 None None
899205736 L+MALL None None
956369929 上海浦东丽晶酒店 None None
957008779 陆家嘴街道老年协会 None None
957019640 国金中心2期 None 36
957019654 鸿正商务楼 None None
957451688 自由贸易试验区览海国际广场 None None
957451707 东昌大楼 None None
958766046 GALA MALL None None
958766051 瑞苑公寓-写字楼 None None
958766052 瑞苑二期办公楼 None None
958766067 国网上海浦东供电公司 None None
958766101 东海宾馆（浦东大道店） None None
958766131 国家电网建设分公司 None None
959022793 兴业银行大厦 None None
959022825 瑞明大厦 None None
959064094 保利广场-D座 None None
959064095 保利广场-A座 None None
959064096 保利广场-C座 None None
959064097 保利广场-B座 None None
959064108 上海市浦东新区陆家嘴图书馆 None None
961322841 上海中粮海景壹号酒店公寓 None None
964254608 上海市浦东新区陆家嘴图书馆(浦城路) None None
964254613 浦东分局陆家嘴治安派出所 None None
964254644 东泰大楼-南楼 None None
964254645 东泰大楼-北楼 None None
964254647 海光大厦 None None
964452000 中国商飞大厦 None None
965004722 港务大厦-北楼 None None
965004738 中国金融信息中心 None None
965030443 香樟湾 None None
967274361 其昌栈渡口 None None
967274377 上海浦滨儿童医院 None None
967281056 上海凯宾斯基大酒店 None None
967835498 第一八佰伴 None None
967835500 新梅联合广场 None None
967835535 三鑫世界商厦 None None
967835536 华诚大厦 None None
967835538 福兴大厦 None None
967835567 胜康廖氏大厦 None None
967835585 岚桥国际大厦 None None
967835594 一兆韦德健身会所 None None
969466751 隆宇大厦 None 30
969466756 鄂尔多斯国际大厦 None 8
969466784 中国石化 None None
1004817060 北外滩街道办事处 None None
1090253906 中国石化 None None
1156620261 美伦大楼 None None
1156620263 华侨大楼 None 8
1156865542 金延大楼 None None
1156865543 光明金融大厦 None None
1196676110 工联大厦 None None
1196704492 嘉陵大楼 None 16
1196704494 新黄浦金融大厦 None 16
1196704496 招商银行 None 6
1196704497 友邦大厦 None 10
1196704498 外滩18号 None 7
1196709516 中央商场 None 8
1196823090 上海市高技能人才培养基地 None 6
1197570257 西本愿寺 None None
1198910484 申金大厦 None None
1198910485 紫光大厦 None None
1198910501 上海市浦东新区民办菊园幼儿园 None None
1198910508 一兆韦德健身 None None
1198910515 浅深休闲会所（上海世贸滨江店） None None
1202226026 上海中星君亭酒店 None None
1204417680 胜利电影院 None None
1208840254 上海首尔丽格医疗美容医院 None None
1235755000 光年汇 None None
1267646409 虹口分局 None None
1267682865 大生大楼 None None
1274074066 上海证券交易所 180 26
1317964106 上海创新创意设计研究院 None None
1330812581 八路有轨电车 None None
1343630535 福佑路清真寺 None None
1356107953 兰馨·悦立方 None None
1370139917 秦皇岛路渡口 None None
1421720173 东方路风塔 60 None
1427522169 普联大厦 None None
1427522185 平安银行商务楼 None None
1427522303 陆家嘴街道社区事务受理中心 None None
1427522312 崂山幼儿园 None None
1427539586 陆家嘴富汇大厦 None None
1427893922 长航大厦 None None
1427894011 华润时代广场 None None
1427894012 华润大厦 None None
1427894016 新光大楼 None None
1427894017 新明大楼 None None
1427894021 新开大楼 None None
1427894022 朱家滩大楼 None None
1427894023 新浦大楼 None None
1427894024 新东大楼 None None
1427894037 紫金翰宫 None None
1427894038 吉泰连锁酒店 None None
1427894039 中电大厦 None None
1427894060 华飞公寓 None None
1429697218 上海好运来青年旅舍 None None
1429697239 浦商邻里荟 None None
1429697251 全季酒店 None None
1429697262 滨江世贸52+ None None
1429697263 上海世贸大厦 None None
1429697292 亚朵X酒店 None None
1429697339 滨江大厦 None None
1429734791 鸿街写字楼 None None
1429734795 上海久阳滨江国际公寓写字楼 None None
1429734797 新华东国际大厦 None None
1429734814 爱建大楼 None None
1429734885 中企·16号公馆 None None
1429905649 潍坊社区文化活动中心 None None
1467947085 5号望江驿 None None
1467947086 6号望江驿 None None
1533181378 上海海洋水族馆管理楼 None None
1557232624 CLOUD Bistro None 1
2376366 和平饭店 None 11
2380996 上海浦东发展银行 None 7
3898738 M2香港名都 None 6
5496035 国家开发银行大厦 175 44
8477819 白金府邸 None None
10556121 上海市公安局 None 10
12871465 上海市东方医院（同济大学附属东方医院） None 15
12871468 房地大厦 None None
12871568 永华大厦 None None
12876241 世界广场 199.9 38
12876242 南洋商业银行大厦 None None
12882159 东方金融广场 None None
12882160 渣打银行大厦 None None
12894549 金穗大厦 None 30
12894550 世纪金融大厦 None 30
12894552 大华银行大厦 None None
12898502 文华东方酒店 None 40;12
12899002 保利广场-E座 None None
12918192 上海新帝豪酒店式服务公寓 None None
12980923 上海银行大厦 None None
12980924 汇亚大厦 None None
12981053 时代金融中心 None None
12981302 华能联合大厦 188 38
12981303 世界金融大厦 212 43
12981304 新上海国际大厦 168 39
12981305 华夏银行大厦 None None
12981307 恒生银行大厦 203.4 46
12981308 中国民生银行大厦 177 39
12981309 中融碧玉蓝天大厦 220 48
13024713 新大陆广场 None None
13024714 鑫联广场 None None
13024715 福使达大厦 None None
13024716 内外联大厦 None None
13024717 良友大厦 None None
13024718 乐凯大厦 None None
13024719 上海光大大厦 None None
13024720 斯米克大厦 None None
13024721 银河大厦 None None
13024722 上海锦江汤臣洲际大酒店 None None
13042457 1088广场 None 21
16151451 海泰时代大厦 None None
16213630 上海大楼 None 8
17625579 原上海市政府大楼 None 6
17818757 上海湾 30 None
19420005 上海城市运动中心 None 8;6
19572042 锦德市场 None None
19600205 天后宫大楼 None None
19600207 上海浦东上德养老院 None None
19601014 汉庭酒店 None None
